// Jest Snapshot v1, https://goo.gl/fbAQLP

exports[`should render ConfirmModal correctly 1`] = `
<Modal
  ariaHideApp={false}
  bodyOpenClassName="ReactModal__Body--open"
  className="modal"
  closeTimeoutMS={200}
  contentLabel="Confirm Delete"
  isOpen={false}
  parentSelector={[Function]}
  portalClassName="ReactModalPortal"
  shouldCloseOnEsc={true}
  shouldCloseOnOverlayClick={true}
  shouldFocusAfterRender={true}
  shouldReturnFocusAfterClose={true}
>
  <h3
    className="modal__title"
  />
  <button
    className="button modal__button"
  >
    yes
  </button>
  <button
    className="button modal__button"
  >
    no
  </button>
</Modal>
`;
